Component: ARM Compiler 5.05 update 2 (build 169) Tool: armlink [4d0f33]

==============================================================================

Section Cross References

    sam7.o(RESET) refers to sam7.o(STACK) for Stack_Top
    sam7.o(RESET) refers to entry.o(.ARM.Collect$$$$00000000) for __main
    usbcore.o(.text) refers to usbhw_sam7x.o(.text) for USB_ReadEP
    usbcore.o(.text) refers to usbcore.o(i.__ARM_common_switch8) for __ARM_common_switch8
    usbcore.o(.text) refers to usbcore.o(i.USB_ReqGetStatus) for USB_ReqGetStatus
    usbcore.o(.text) refers to usbcore.o(i.USB_ReqSetClrFeature) for USB_ReqSetClrFeature
    usbcore.o(.text) refers to usbcore.o(i.USB_ReqGetDescriptor) for USB_ReqGetDescriptor
    usbcore.o(.text) refers to usbcore.o(i.USB_ReqSetConfiguration) for USB_ReqSetConfiguration
    usbcore.o(.text) refers to usbuser.o(.text) for USB_Configure_Event
    usbcore.o(.text) refers to usbcore.o(i.USB_ReqSetInterface) for USB_ReqSetInterface
    usbcore.o(.text) refers to hiduser.o(.text) for HID_GetReport
    usbcore.o(.text) refers to usbcore.o(.data) for USB_DeviceStatus
    usbuser.o(.text) refers to usbcore.o(.text) for USB_ResetCore
    usbuser.o(.text) refers to mouse.o(.text) for LED_Off
    usbuser.o(.text) refers to usbhw_sam7x.o(.text) for USB_WriteEP
    usbuser.o(.text) refers to usbcore.o(.data) for USB_Configuration
    usbuser.o(.text) refers to mouse.o(.data) for MouseInReport
    usbuser.o(.constdata) refers to usbcore.o(.text) for USB_EndPoint0
    usbuser.o(.constdata) refers to usbuser.o(.text) for USB_EndPoint3
    hiduser.o(.text) refers to mouse.o(.text) for GetMouseInReport
    hiduser.o(.text) refers to usbcore.o(.data) for SetupPacket
    hiduser.o(.text) refers to mouse.o(.data) for MouseInReport
    hiduser.o(.text) refers to hiduser.o(.data) for HID_IdleTime
    mouse.o(.text) refers to usbhw_sam7x.o(.text) for USB_Init
    mouse.o(.text) refers to mouse.o(.data) for pPIO_Sw
    usbhw_sam7x.o(.text) refers to usbcore.o(i.__ARM_common_switch8) for __ARM_common_switch8
    usbhw_sam7x.o(.text) refers to usbhw_sam7x.o(.data) for UDP
    usbhw_sam7x.o(.text) refers to usbhw_sam7x.o(.text) for USB_ISR
    usbhw_sam7x.o(.text) refers to usbhw_sam7x.o(.text) for USB_Reset
    usbhw_sam7x.o(.text) refers to usbuser.o(.text) for USB_Reset_Event
    usbhw_sam7x.o(.text) refers to usbhw_sam7x.o(.data) for UDP
    usbhw_sam7x.o(.text) refers to usbuser.o(.constdata) for USB_P_EP
    usbhw_sam7x.o(.text) refers to usbhw_sam7x.o(.constdata) for RX_DATA_BK
    entry.o(.ARM.Collect$$$$00000000) refers (Special) to entry10a.o(.ARM.Collect$$$$0000000D) for __rt_final_cpp
    entry.o(.ARM.Collect$$$$00000000) refers (Special) to entry11a.o(.ARM.Collect$$$$0000000F) for __rt_final_exit
    entry.o(.ARM.Collect$$$$00000000) refers (Special) to entry7b.o(.ARM.Collect$$$$00000008) for _main_clock
    entry.o(.ARM.Collect$$$$00000000) refers (Special) to entry8b.o(.ARM.Collect$$$$0000000A) for _main_cpp_init
    entry.o(.ARM.Collect$$$$00000000) refers (Special) to entry9a.o(.ARM.Collect$$$$0000000B) for _main_init
    entry.o(.ARM.Collect$$$$00000000) refers (Special) to entry5.o(.ARM.Collect$$$$00000004) for _main_scatterload
    entry.o(.ARM.Collect$$$$00000000) refers (Special) to entry2.o(.ARM.Collect$$$$00000001) for _main_stk
    entry2.o(.ARM.Collect$$$$00000001) refers to entry2.o(.ARM.Collect$$$$00002712) for __lit__00000000
    entry2.o(.ARM.Collect$$$$00002712) refers to sam7.o(STACK) for __initial_sp
    entry5.o(.ARM.Collect$$$$00000004) refers to init.o(.text) for __scatterload
    entry9a.o(.ARM.Collect$$$$0000000B) refers to mouse.o(.text) for main
    entry9b.o(.ARM.Collect$$$$0000000C) refers to mouse.o(.text) for main
    init.o(.text) refers to init.o(i.__ARM_common_call_via_r3) for __ARM_common_call_via_r3
    init.o(.text) refers to entry5.o(.ARM.Collect$$$$00000004) for __main_after_scatterload
    usbcore.o(i.USB_ReqGetStatus) refers to usbcore.o(.data) for SetupPacket
    usbcore.o(i.USB_ReqSetClrFeature) refers to usbhw_sam7x.o(.text) for USB_WakeUpCfg
    usbcore.o(i.USB_ReqSetClrFeature) refers to usbcore.o(.data) for SetupPacket
    usbcore.o(i.USB_ReqGetDescriptor) refers to usbcore.o(.data) for SetupPacket
    usbcore.o(i.USB_ReqGetDescriptor) refers to usbdesc.o(.constdata) for USB_DeviceDescriptor
    usbcore.o(i.USB_ReqSetConfiguration) refers to usbhw_sam7x.o(.text) for USB_DisableEP
    usbcore.o(i.USB_ReqSetConfiguration) refers to usbcore.o(.data) for SetupPacket
    usbcore.o(i.USB_ReqSetConfiguration) refers to usbdesc.o(.constdata) for USB_ConfigDescriptor
    usbcore.o(i.USB_ReqSetInterface) refers to usbhw_sam7x.o(.text) for USB_ConfigEP
    usbcore.o(i.USB_ReqSetInterface) refers to usbcore.o(.data) for SetupPacket
    usbcore.o(i.USB_ReqSetInterface) refers to usbdesc.o(.constdata) for USB_ConfigDescriptor


==============================================================================

Removing Unused input sections from the image.

    Removing sam7.o(HEAP), (0 bytes).

1 unused section(s) (total 0 bytes) removed from the image.

==============================================================================

Adding Veneers to the image

    Adding AT veneer (8 bytes, Inline) for call to 'USB_Reset_Event' from usbhw_sam7x.o(.text).
    Adding AT veneer (8 bytes, Inline) for call to 'USB_Reset' from usbhw_sam7x.o(.text).
    Adding AT veneer (8 bytes, Inline) for call to '__scatterload' from entry5.o(.ARM.Collect$$$$00000004).
    Adding AT veneer (12 bytes, Long) for call to 'USB_Suspend' from usbhw_sam7x.o(.text).
    Adding AT veneer (12 bytes, Long) for call to 'USB_Suspend_Event' from usbhw_sam7x.o(.text).
    Adding AT veneer (12 bytes, Long) for call to 'USB_Resume' from usbhw_sam7x.o(.text).
    Adding AT veneer (12 bytes, Long) for call to 'USB_Resume_Event' from usbhw_sam7x.o(.text).
    Adding AT veneer (12 bytes, Long) for call to 'USB_WakeUp' from usbhw_sam7x.o(.text).
    Adding AT veneer (12 bytes, Long) for call to 'USB_ClrCSR' from usbhw_sam7x.o(.text).
    Adding AT veneer (12 bytes, Long) for call to 'USB_SetCSR' from usbhw_sam7x.o(.text).
    Adding TA veneer (8 bytes, Short) for call to '__main_after_scatterload' from init.o(.text).
    Adding TA veneer (4 bytes, Inline) for call to '__ARM_common_switch8' from usbcore.o(.text).

12 Veneer(s) (total 120 bytes) added to the image.

==============================================================================

Image Symbol Table

    Local Symbols

    Symbol Name                              Value     Ov Type        Size  Object(Section)

    ../clib/microlib/init/entry.s            0x00000000   Number         0  entry.o ABSOLUTE
    ../clib/microlib/init/entry.s            0x00000000   Number         0  entry10a.o ABSOLUTE
    ../clib/microlib/init/entry.s            0x00000000   Number         0  entry11b.o ABSOLUTE
    ../clib/microlib/init/entry.s            0x00000000   Number         0  entry9b.o ABSOLUTE
    ../clib/microlib/init/entry.s            0x00000000   Number         0  entry8b.o ABSOLUTE
    ../clib/microlib/init/entry.s            0x00000000   Number         0  entry9a.o ABSOLUTE
    ../clib/microlib/init/entry.s            0x00000000   Number         0  entry2.o ABSOLUTE
    ../clib/microlib/init/entry.s            0x00000000   Number         0  entry5.o ABSOLUTE
    ../clib/microlib/init/entry.s            0x00000000   Number         0  entry7a.o ABSOLUTE
    ../clib/microlib/init/entry.s            0x00000000   Number         0  entry7b.o ABSOLUTE
    ../clib/microlib/init/entry.s            0x00000000   Number         0  entry8a.o ABSOLUTE
    ../clib/microlib/init/entry.s            0x00000000   Number         0  entry11a.o ABSOLUTE
    ../clib/microlib/init/entry.s            0x00000000   Number         0  entry10b.o ABSOLUTE
    SAM7.s                                   0x00000000   Number         0  sam7.o ABSOLUTE
    dc.s                                     0x00000000   Number         0  dc.o ABSOLUTE
    handlers.s                               0x00000000   Number         0  handlers.o ABSOLUTE
    hiduser.c                                0x00000000   Number         0  hiduser.o ABSOLUTE
    init.s                                   0x00000000   Number         0  init.o ABSOLUTE
    mouse.c                                  0x00000000   Number         0  mouse.o ABSOLUTE
    usbcore.c                                0x00000000   Number         0  usbcore.o ABSOLUTE
    usbdesc.c                                0x00000000   Number         0  usbdesc.o ABSOLUTE
    usbhw_SAM7X.c                            0x00000000   Number         0  usbhw_sam7x.o ABSOLUTE
    usbuser.c                                0x00000000   Number         0  usbuser.o ABSOLUTE
    RESET                                    0x00100000   Section      324  sam7.o(RESET)
    Undef_Handler                            0x00100040   ARM Code       4  sam7.o(RESET)
    SWI_Handler                              0x00100044   ARM Code       4  sam7.o(RESET)
    PAbt_Handler                             0x00100048   ARM Code       4  sam7.o(RESET)
    DAbt_Handler                             0x0010004c   ARM Code       4  sam7.o(RESET)
    IRQ_Handler                              0x00100050   ARM Code       4  sam7.o(RESET)
    FIQ_Handler                              0x00100054   ARM Code       4  sam7.o(RESET)
    .ARM.Collect$$$$00000000                 0x00100144   Section        0  entry.o(.ARM.Collect$$$$00000000)
    .ARM.Collect$$$$00000001                 0x00100144   Section        4  entry2.o(.ARM.Collect$$$$00000001)
    .ARM.Collect$$$$00000004                 0x00100148   Section        4  entry5.o(.ARM.Collect$$$$00000004)
    .ARM.Collect$$$$00000008                 0x0010014c   Section        0  entry7b.o(.ARM.Collect$$$$00000008)
    .ARM.Collect$$$$0000000A                 0x0010014c   Section        0  entry8b.o(.ARM.Collect$$$$0000000A)
    .ARM.Collect$$$$0000000B                 0x0010014c   Section       12  entry9a.o(.ARM.Collect$$$$0000000B)
    .ARM.Collect$$$$0000000D                 0x00100158   Section        0  entry10a.o(.ARM.Collect$$$$0000000D)
    .ARM.Collect$$$$0000000F                 0x00100158   Section        0  entry11a.o(.ARM.Collect$$$$0000000F)
    .ARM.Collect$$$$00002712                 0x00100158   Section        4  entry2.o(.ARM.Collect$$$$00002712)
    __lit__00000000                          0x00100158   Data           4  entry2.o(.ARM.Collect$$$$00002712)
    .text                                    0x0010015c   Section        0  usbcore.o(.text)
    .text                                    0x00100550   Section        0  usbuser.o(.text)
    .text                                    0x001005f8   Section        0  hiduser.o(.text)
    .text                                    0x001006a4   Section        0  mouse.o(.text)
    .text                                    0x001007c0   Section        0  usbhw_sam7x.o(.text)
    USB_SetCSR                               0x001007c1   Thumb Code    86  usbhw_sam7x.o(.text)
    USB_ClrCSR                               0x00100817   Thumb Code    86  usbhw_sam7x.o(.text)
    USB_GetSizeEP                            0x0010086d   Thumb Code    52  usbhw_sam7x.o(.text)
    .text                                    0x00100c8c   Section        0  usbhw_sam7x.o(.text)
    .text                                    0x00100ef0   Section       32  init.o(.text)
    Long ARM to Thumb Veneer to USB_ClrCSR   0x00100f4c   ARM Code      12  anon$$obj.o(Veneer$$Code)
    Long ARM to Thumb Veneer to USB_SetCSR   0x00100f58   ARM Code      12  anon$$obj.o(Veneer$$Code)
    i.USB_ReqGetDescriptor                   0x00100f6c   Section        0  usbcore.o(i.USB_ReqGetDescriptor)
    i.USB_ReqGetStatus                       0x00101088   Section        0  usbcore.o(i.USB_ReqGetStatus)
    i.USB_ReqSetClrFeature                   0x00101158   Section        0  usbcore.o(i.USB_ReqSetClrFeature)
    i.USB_ReqSetConfiguration                0x00101258   Section        0  usbcore.o(i.USB_ReqSetConfiguration)
    i.USB_ReqSetInterface                    0x00101428   Section        0  usbcore.o(i.USB_ReqSetInterface)
    i.__ARM_common_call_via_r3               0x00101574   Section        2  init.o(i.__ARM_common_call_via_r3)
    i.__ARM_common_switch8                   0x0010157c   Section        0  usbcore.o(i.__ARM_common_switch8)
    i.__scatterload_copy                     0x0010159c   Section       28  handlers.o(i.__scatterload_copy)
    i.__scatterload_null                     0x001015b8   Section        4  handlers.o(i.__scatterload_null)
    i.__scatterload_zeroinit                 0x001015bc   Section       24  handlers.o(i.__scatterload_zeroinit)
    .constdata                               0x001015d4   Section      215  usbdesc.o(.constdata)
    .constdata                               0x001016ac   Section       64  usbuser.o(.constdata)
    .constdata                               0x001016ec   Section       12  usbhw_sam7x.o(.constdata)
    .data                                    0x00200000   Section       44  usbcore.o(.data)
    .data                                    0x0020002c   Section        2  hiduser.o(.data)
    .data                                    0x00200030   Section       12  mouse.o(.data)
    .data                                    0x0020003c   Section       12  usbhw_sam7x.o(.data)
    STACK                                    0x00200048   Section     1160  sam7.o(STACK)
    Stack_Top                                0x002004d0   Data           0  sam7.o(STACK)

    Global Symbols

    Symbol Name                              Value     Ov Type        Size  Object(Section)

    BuildAttributes$$THM_ISAv1$ARM_ISAv4$S$PE$A:L22$X:L11$S22$IEEE1$IW$USESV6$~STKCKD$USESV7$~SHL$OSPACE$EBA8$MICROLIB$REQ8$PRES8$EABIv2 0x00000000   Number         0  anon$$obj.o ABSOLUTE
    __ARM_use_no_argv                        0x00000000   Number         0  mouse.o ABSOLUTE
    __cpp_initialize__aeabi_                  - Undefined Weak Reference
    __cxa_finalize                            - Undefined Weak Reference
    __decompress                              - Undefined Weak Reference
    _clock_init                               - Undefined Weak Reference
    _microlib_exit                            - Undefined Weak Reference
    Reset_Handler                            0x00100058   ARM Code       0  sam7.o(RESET)
    __main                                   0x00100144   ARM Code       0  entry.o(.ARM.Collect$$$$00000000)
    _main_stk                                0x00100144   ARM Code       0  entry2.o(.ARM.Collect$$$$00000001)
    _main_scatterload                        0x00100148   ARM Code       0  entry5.o(.ARM.Collect$$$$00000004)
    __main_after_scatterload                 0x0010014c   ARM Code       0  entry5.o(.ARM.Collect$$$$00000004)
    _main_clock                              0x0010014c   ARM Code       0  entry7b.o(.ARM.Collect$$$$00000008)
    _main_cpp_init                           0x0010014c   ARM Code       0  entry8b.o(.ARM.Collect$$$$0000000A)
    _main_init                               0x0010014c   ARM Code       0  entry9a.o(.ARM.Collect$$$$0000000B)
    __rt_final_cpp                           0x00100158   ARM Code       0  entry10a.o(.ARM.Collect$$$$0000000D)
    __rt_final_exit                          0x00100158   ARM Code       0  entry11a.o(.ARM.Collect$$$$0000000F)
    USB_ResetCore                            0x0010015d   Thumb Code    32  usbcore.o(.text)
    USB_SetupStage                           0x0010017d   Thumb Code    16  usbcore.o(.text)
    USB_DataInStage                          0x0010018d   Thumb Code    56  usbcore.o(.text)
    USB_DataOutStage                         0x001001c5   Thumb Code    38  usbcore.o(.text)
    USB_StatusInStage                        0x001001eb   Thumb Code    18  usbcore.o(.text)
    USB_StatusOutStage                       0x001001fd   Thumb Code    16  usbcore.o(.text)
    USB_EndPoint0                            0x0010020d   Thumb Code   778  usbcore.o(.text)
    Inline ARM to Thumb Veneer to USB_Reset_Event 0x00100548   ARM Code       8  usbuser.o(.text)
    USB_Reset_Event                          0x00100551   Thumb Code    20  usbuser.o(.text)
    USB_Suspend_Event                        0x00100565   Thumb Code    16  usbuser.o(.text)
    USB_Resume_Event                         0x00100575   Thumb Code    16  usbuser.o(.text)
    USB_Configure_Event                      0x00100585   Thumb Code    48  usbuser.o(.text)
    USB_EndPoint1                            0x001005b5   Thumb Code     2  usbuser.o(.text)
    USB_EndPoint2                            0x001005b7   Thumb Code     2  usbuser.o(.text)
    USB_EndPoint3                            0x001005b9   Thumb Code    32  usbuser.o(.text)
    USB_EndPoint4                            0x001005d9   Thumb Code     2  usbuser.o(.text)
    USB_EndPoint5                            0x001005db   Thumb Code     2  usbuser.o(.text)
    USB_EndPoint6                            0x001005dd   Thumb Code     2  usbuser.o(.text)
    USB_EndPoint7                            0x001005df   Thumb Code     2  usbuser.o(.text)
    USB_EndPoint8                            0x001005e1   Thumb Code     2  usbuser.o(.text)
    USB_EndPoint9                            0x001005e3   Thumb Code     2  usbuser.o(.text)
    USB_EndPoint10                           0x001005e5   Thumb Code     2  usbuser.o(.text)
    USB_EndPoint11                           0x001005e7   Thumb Code     2  usbuser.o(.text)
    USB_EndPoint12                           0x001005e9   Thumb Code     2  usbuser.o(.text)
    USB_EndPoint13                           0x001005eb   Thumb Code     2  usbuser.o(.text)
    USB_EndPoint14                           0x001005ed   Thumb Code     2  usbuser.o(.text)
    USB_EndPoint15                           0x001005ef   Thumb Code     2  usbuser.o(.text)
    HID_GetReport                            0x001005f9   Thumb Code    62  hiduser.o(.text)
    HID_SetReport                            0x00100637   Thumb Code    34  hiduser.o(.text)
    HID_GetIdle                              0x00100659   Thumb Code    16  hiduser.o(.text)
    HID_SetIdle                              0x00100669   Thumb Code    16  hiduser.o(.text)
    HID_GetProtocol                          0x00100679   Thumb Code    12  hiduser.o(.text)
    HID_SetProtocol                          0x00100685   Thumb Code    12  hiduser.o(.text)
    GetMouseInReport                         0x001006a5   Thumb Code   148  mouse.o(.text)
    LED_On                                   0x00100739   Thumb Code     8  mouse.o(.text)
    LED_Off                                  0x00100741   Thumb Code     8  mouse.o(.text)
    main                                     0x00100749   Thumb Code    92  mouse.o(.text)
    Inline ARM to Thumb Veneer to USB_Reset  0x001007b8   ARM Code       8  usbhw_sam7x.o(.text)
    USB_WakeUp                               0x001008a1   Thumb Code     2  usbhw_sam7x.o(.text)
    USB_Resume                               0x001008a3   Thumb Code     2  usbhw_sam7x.o(.text)
    USB_Suspend                              0x001008a5   Thumb Code     2  usbhw_sam7x.o(.text)
    USB_Reset                                0x001008a7   Thumb Code   112  usbhw_sam7x.o(.text)
    USB_Init                                 0x00100917   Thumb Code    34  usbhw_sam7x.o(.text)
    USB_Connect                              0x00100939   Thumb Code    44  usbhw_sam7x.o(.text)
    USB_WakeUpCfg                            0x00100965   Thumb Code    40  usbhw_sam7x.o(.text)
    USB_SetAddress                           0x0010098d   Thumb Code    56  usbhw_sam7x.o(.text)
    USB_Configure                            0x001009c5   Thumb Code    40  usbhw_sam7x.o(.text)
    USB_ConfigEP                             0x001009ed   Thumb Code    60  usbhw_sam7x.o(.text)
    USB_DirCtrlEP                            0x00100a29   Thumb Code    40  usbhw_sam7x.o(.text)
    USB_EnableEP                             0x00100a51   Thumb Code    34  usbhw_sam7x.o(.text)
    USB_DisableEP                            0x00100a73   Thumb Code    34  usbhw_sam7x.o(.text)
    USB_ResetEP                              0x00100a95   Thumb Code   110  usbhw_sam7x.o(.text)
    USB_SetStallEP                           0x00100b03   Thumb Code    22  usbhw_sam7x.o(.text)
    USB_ClrStallEP                           0x00100b19   Thumb Code    58  usbhw_sam7x.o(.text)
    USB_ClearEPBuf                           0x00100b53   Thumb Code    42  usbhw_sam7x.o(.text)
    USB_ReadEP                               0x00100b7d   Thumb Code    76  usbhw_sam7x.o(.text)
    USB_WriteEP                              0x00100bc9   Thumb Code   136  usbhw_sam7x.o(.text)
    USB_GetFrame                             0x00100c51   Thumb Code    52  usbhw_sam7x.o(.text)
    USB_ISR                                  0x00100c8c   ARM Code     584  usbhw_sam7x.o(.text)
    Inline ARM to Thumb Veneer to __scatterload 0x00100ee8   ARM Code       8  init.o(.text)
    __scatterload                            0x00100ef1   Thumb Code    24  init.o(.text)
    __scatterload_rt2                        0x00100ef1   Thumb Code     0  init.o(.text)
    Long ARM to Thumb Veneer to USB_Suspend  0x00100f10   ARM Code      12  anon$$obj.o(Veneer$$Code)
    Long ARM to Thumb Veneer to USB_Suspend_Event 0x00100f1c   ARM Code      12  anon$$obj.o(Veneer$$Code)
    Long ARM to Thumb Veneer to USB_Resume   0x00100f28   ARM Code      12  anon$$obj.o(Veneer$$Code)
    Long ARM to Thumb Veneer to USB_Resume_Event 0x00100f34   ARM Code      12  anon$$obj.o(Veneer$$Code)
    Long ARM to Thumb Veneer to USB_WakeUp   0x00100f40   ARM Code      12  anon$$obj.o(Veneer$$Code)
    Short Thumb to ARM Veneer to __main_after_scatterload 0x00100f65   Thumb Code     8  anon$$obj.o(Veneer$$Code)
    USB_ReqGetDescriptor                     0x00100f6d   Thumb Code   254  usbcore.o(i.USB_ReqGetDescriptor)
    USB_ReqGetStatus                         0x00101089   Thumb Code   174  usbcore.o(i.USB_ReqGetStatus)
    USB_ReqSetClrFeature                     0x00101159   Thumb Code   232  usbcore.o(i.USB_ReqSetClrFeature)
    USB_ReqSetConfiguration                  0x00101259   Thumb Code   422  usbcore.o(i.USB_ReqSetConfiguration)
    USB_ReqSetInterface                      0x00101429   Thumb Code   306  usbcore.o(i.USB_ReqSetInterface)
    __ARM_common_call_via_r3                 0x00101575   Thumb Code     2  init.o(i.__ARM_common_call_via_r3)
    Inline Thumb to ARM Veneer to __ARM_common_switch8 0x00101579   Thumb Code     4  usbcore.o(i.__ARM_common_switch8)
    __ARM_common_switch8                     0x0010157c   ARM Code      32  usbcore.o(i.__ARM_common_switch8)
    __scatterload_copy                       0x0010159c   ARM Code      28  handlers.o(i.__scatterload_copy)
    __scatterload_null                       0x001015b8   ARM Code       4  handlers.o(i.__scatterload_null)
    __scatterload_zeroinit                   0x001015bc   ARM Code      24  handlers.o(i.__scatterload_zeroinit)
    HID_ReportDescriptor                     0x001015d4   Data          52  usbdesc.o(.constdata)
    HID_ReportDescSize                       0x00101608   Data           2  usbdesc.o(.constdata)
    USB_DeviceDescriptor                     0x0010160a   Data          18  usbdesc.o(.constdata)
    USB_ConfigDescriptor                     0x0010161c   Data          35  usbdesc.o(.constdata)
    USB_StringDescriptor                     0x0010163f   Data         108  usbdesc.o(.constdata)
    USB_P_EP                                 0x001016ac   Data          64  usbuser.o(.constdata)
    DualBankEP                               0x001016ec   Data           1  usbhw_sam7x.o(.constdata)
    RX_DATA_BK                               0x001016f0   Data           8  usbhw_sam7x.o(.constdata)
    Region$$Table$$Base                      0x001016f8   Number         0  anon$$obj.o(Region$$Table)
    Region$$Table$$Limit                     0x00101718   Number         0  anon$$obj.o(Region$$Table)
    USB_DeviceStatus                         0x00200000   Data           2  usbcore.o(.data)
    USB_DeviceAddress                        0x00200002   Data           1  usbcore.o(.data)
    USB_Configuration                        0x00200003   Data           1  usbcore.o(.data)
    USB_EndPointMask                         0x00200004   Data           4  usbcore.o(.data)
    USB_EndPointHalt                         0x00200008   Data           4  usbcore.o(.data)
    USB_EndPointStall                        0x0020000c   Data           4  usbcore.o(.data)
    USB_NumInterfaces                        0x00200010   Data           1  usbcore.o(.data)
    USB_AltSetting                           0x00200011   Data           1  usbcore.o(.data)
    EP0Buf                                   0x00200012   Data           8  usbcore.o(.data)
    EP0Data                                  0x0020001c   Data           8  usbcore.o(.data)
    SetupPacket                              0x00200024   Data           8  usbcore.o(.data)
    HID_Protocol                             0x0020002c   Data           1  hiduser.o(.data)
    HID_IdleTime                             0x0020002d   Data           1  hiduser.o(.data)
    pPIO_Led                                 0x00200030   Data           4  mouse.o(.data)
    pPIO_Sw                                  0x00200034   Data           4  mouse.o(.data)
    MouseInReport                            0x00200038   Data           4  mouse.o(.data)
    UDP                                      0x0020003c   Data           4  usbhw_sam7x.o(.data)
    RxDataBank                               0x00200040   Data           4  usbhw_sam7x.o(.data)
    TxDataBank                               0x00200044   Data           4  usbhw_sam7x.o(.data)
    __initial_sp                             0x00200448   Data         136  sam7.o(STACK)



==============================================================================

Memory Map of the image

  Image Entry point : 0x00100144

  Load Region LR_IROM1 (Base: 0x00100000, Size: 0x00001760, Max: 0x00040000, ABSOLUTE)

    Execution Region ER_IROM1 (Base: 0x00100000, Size: 0x00001718, Max: 0x00040000, ABSOLUTE)

    Base Addr    Size         Type   Attr      Idx    E Section Name        Object

    0x00100000   0x00000144   Code   RO            3    RESET               sam7.o
    0x00100144   0x00000000   Code   RO          197  * .ARM.Collect$$$$00000000  mc_t.l(entry.o)
    0x00100144   0x00000004   Code   RO          200    .ARM.Collect$$$$00000001  mc_t.l(entry2.o)
    0x00100148   0x00000004   Code   RO          202    .ARM.Collect$$$$00000004  mc_t.l(entry5.o)
    0x0010014c   0x00000000   Code   RO          204    .ARM.Collect$$$$00000008  mc_t.l(entry7b.o)
    0x0010014c   0x00000000   Code   RO          206    .ARM.Collect$$$$0000000A  mc_t.l(entry8b.o)
    0x0010014c   0x0000000c   Code   RO          207    .ARM.Collect$$$$0000000B  mc_t.l(entry9a.o)
    0x00100158   0x00000000   Code   RO          209    .ARM.Collect$$$$0000000D  mc_t.l(entry10a.o)
    0x00100158   0x00000000   Code   RO          211    .ARM.Collect$$$$0000000F  mc_t.l(entry11a.o)
    0x00100158   0x00000004   Code   RO          201    .ARM.Collect$$$$00002712  mc_t.l(entry2.o)
    0x0010015c   0x000003ec   Code   RO            8    .text               usbcore.o
    0x00100548   0x00000008   Ven    RO          107    .text               usbuser.o
    0x00100550   0x000000a8   Code   RO          107    .text               usbuser.o
    0x001005f8   0x000000ac   Code   RO          133    .text               hiduser.o
    0x001006a4   0x00000114   Code   RO          151    .text               mouse.o
    0x001007b8   0x00000008   Ven    RO          175    .text               usbhw_sam7x.o
    0x001007c0   0x000004cc   Code   RO          175    .text               usbhw_sam7x.o
    0x00100c8c   0x0000025c   Code   RO          176    .text               usbhw_sam7x.o
    0x00100ee8   0x00000008   Ven    RO          213    .text               mc_t.l(init.o)
    0x00100ef0   0x00000020   Code   RO          213    .text               mc_t.l(init.o)
    0x00100f10   0x0000000c   Ven    RO          229    Veneer$$Code        anon$$obj.o
    0x00100f1c   0x0000000c   Ven    RO          230    Veneer$$Code        anon$$obj.o
    0x00100f28   0x0000000c   Ven    RO          231    Veneer$$Code        anon$$obj.o
    0x00100f34   0x0000000c   Ven    RO          232    Veneer$$Code        anon$$obj.o
    0x00100f40   0x0000000c   Ven    RO          233    Veneer$$Code        anon$$obj.o
    0x00100f4c   0x0000000c   Ven    RO          234    Veneer$$Code        anon$$obj.o
    0x00100f58   0x0000000c   Ven    RO          235    Veneer$$Code        anon$$obj.o
    0x00100f64   0x00000008   Ven    RO          236    Veneer$$Code        anon$$obj.o
    0x00100f6c   0x0000011c   Code   RO           32    i.USB_ReqGetDescriptor  usbcore.o
    0x00101088   0x000000d0   Code   RO           20    i.USB_ReqGetStatus  usbcore.o
    0x00101158   0x00000100   Code   RO           26    i.USB_ReqSetClrFeature  usbcore.o
    0x00101258   0x000001d0   Code   RO           38    i.USB_ReqSetConfiguration  usbcore.o
    0x00101428   0x0000014c   Code   RO           44    i.USB_ReqSetInterface  usbcore.o
    0x00101574   0x00000002   Code   RO          215    i.__ARM_common_call_via_r3  mc_t.l(init.o)
    0x00101576   0x00000002   PAD
    0x00101578   0x00000004   Ven    RO           50    i.__ARM_common_switch8  usbcore.o
    0x0010157c   0x00000020   Code   RO           50    i.__ARM_common_switch8  usbcore.o
    0x0010159c   0x0000001c   Code   RO          219    i.__scatterload_copy  mc_t.l(handlers.o)
    0x001015b8   0x00000004   Code   RO          220    i.__scatterload_null  mc_t.l(handlers.o)
    0x001015bc   0x00000018   Code   RO          221    i.__scatterload_zeroinit  mc_t.l(handlers.o)
    0x001015d4   0x000000d7   Data   RO           95    .constdata          usbdesc.o
    0x001016ab   0x00000001   PAD
    0x001016ac   0x00000040   Data   RO          108    .constdata          usbuser.o
    0x001016ec   0x0000000c   Data   RO          177    .constdata          usbhw_sam7x.o
    0x001016f8   0x00000020   Data   RO          217    Region$$Table       anon$$obj.o


    Execution Region RW_IRAM1 (Base: 0x00200000, Size: 0x000004d0, Max: 0x00010000, ABSOLUTE)

    Base Addr    Size         Type   Attr      Idx    E Section Name        Object

    0x00200000   0x0000002c   Data   RW            9    .data               usbcore.o
    0x0020002c   0x00000002   Data   RW          134    .data               hiduser.o
    0x0020002e   0x00000002   PAD
    0x00200030   0x0000000c   Data   RW          152    .data               mouse.o
    0x0020003c   0x0000000c   Data   RW          178    .data               usbhw_sam7x.o
    0x00200048   0x00000488   Zero   RW            1    STACK               sam7.o


==============================================================================

Image component sizes


      Code (inc. data)   RO Data    RW Data    ZI Data      Debug   Object Name

       172         20          0          2          0       1974   hiduser.o
       276         20          0         12          0      73736   mouse.o
       324         68          0          0       1160        336   sam7.o
      2580        244          0         44          0      15367   usbcore.o
         0          0        215          0          0        789   usbdesc.o
      1832         62         12         12          0       6901   usbhw_sam7x.o
       168          8         64          0          0       3644   usbuser.o

    ----------------------------------------------------------------------
      5464        450        324         72       1160     102747   Object Totals
       112         28         32          0          0          0   (incl. Generated)
         0          0          1          2          0          0   (incl. Padding)

    ----------------------------------------------------------------------

      Code (inc. data)   RO Data    RW Data    ZI Data      Debug   Library Member Name

         0          0          0          0          0          0   entry.o
         0          0          0          0          0          0   entry10a.o
         0          0          0          0          0          0   entry11a.o
         8          4          0          0          0          0   entry2.o
         4          0          0          0          0          0   entry5.o
         0          0          0          0          0          0   entry7b.o
         0          0          0          0          0          0   entry8b.o
        12          4          0          0          0          0   entry9a.o
        56          0          0          0          0          0   handlers.o
        42          8          0          0          0        136   init.o

    ----------------------------------------------------------------------
       124         16          0          0          0        136   Library Totals
         2          0          0          0          0          0   (incl. Padding)

    ----------------------------------------------------------------------

      Code (inc. data)   RO Data    RW Data    ZI Data      Debug   Library Name

       122         16          0          0          0        136   mc_t.l

    ----------------------------------------------------------------------
       124         16          0          0          0        136   Library Totals

    ----------------------------------------------------------------------

==============================================================================


      Code (inc. data)   RO Data    RW Data    ZI Data      Debug   

      5588        466        324         72       1160     102375   Grand Totals
      5588        466        324         72       1160     102375   ELF Image Totals
      5588        466        324         72          0          0   ROM Totals

==============================================================================

    Total RO  Size (Code + RO Data)                 5912 (   5.77kB)
    Total RW  Size (RW Data + ZI Data)              1232 (   1.20kB)
    Total ROM Size (Code + RO Data + RW Data)       5984 (   5.84kB)

==============================================================================

