<html>
<body>
<pre>
<h1>µVision Build Log</h1>
<h2>Tool Versions:</h2>
IDE-Version: µVision V5.15
Copyright (C) 2015 ARM Ltd and ARM Germany GmbH. All rights reserved.
License Information: r2aiv r2aiv, r2aiv, LIC=DSNLQ-N17BK-KSTYM-XU4H4-ZJPCP-QN6ZZ
 
Tool Versions:
Toolchain:       MDK-ARM Professional  Version: 5.15.0
Toolchain Path:  C:\Keil_v5\ARM\ARMCC\Bin
C Compiler:      Armcc.exe V5.05 update 2 (build 169)
Assembler:       Armasm.exe V5.05 update 2 (build 169)
Linker/Locator:  ArmLink.exe V5.05 update 2 (build 169)
Library Manager: ArmAr.exe V5.05 update 2 (build 169)
Hex Converter:   FromElf.exe V5.05 update 2 (build 169)
CPU DLL:         SARM.DLL V5.15.0
Dialog DLL:      DARMATS.DLL V1.20
Target DLL:      UL2ARM.DLL V1.74.6.0
Dialog DLL:      TARMATS.DLL V1.20
 
<h2>Project:</h2>
C:\Keil_v5\ARM\Boards\Atmel\AT91SAM7X-EK\USB\Mouse\Mouse.uvproj
Project File Date:  09/22/2019

<h2>Output:</h2>
*** Using Compiler 'V5.05 update 2 (build 169)', folder: 'C:\Keil_v5\ARM\ARMCC\Bin'
Rebuild target 'AT91SAM7X-EK'
assembling SAM7.s...
compiling usbcore.c...
compiling usbdesc.c...
compiling usbuser.c...
compiling hiduser.c...
compiling mouse.c...
compiling usbhw_SAM7X.c...
linking...
Program Size: Code=5588 RO-data=324 RW-data=72 ZI-data=1160  
".\Obj\Mouse.axf" - 0 Error(s), 0 Warning(s).
</pre>
</body>
</html>
